Microchip MPLAB XC8 Compiler V1.44 ()

Linker command line:

-W-3 --edf=/opt/microchip/xc8/v1.44/dat/en_msgs.txt -cs \
  -h+dist/default/production/test.X.production.sym \
  --cmf=dist/default/production/test.X.production.cmf -z -Q18F25K22 \
  -o/tmp/xcX0I7yaP -Mdist/default/production/test.X.production.map -E1 \
  -ver=XC8 -ASTACK=062h-05ffh -pstack=STACK -ACODE=00h-07FFFh \
  -ACONST=00h-07FFFh -ASMALLCONST=0600h-06FFhx122 \
  -AMEDIUMCONST=0600h-07FFFh -ACOMRAM=01h-05Fh -AABS1=00h-05FFh \
  -ABIGRAM=01h-05FFh -ARAM=060h-0FFh,0100h-01FFhx5 -ABANK0=060h-0FFh \
  -ABANK1=0100h-01FFh -ABANK2=0200h-02FFh -ABANK3=0300h-03FFh \
  -ABANK4=0400h-04FFh -ABANK5=0500h-05FFh -ASFR=0F38h-0F5Fh,0F60h-0FFFh \
  -preset_vec=00h,intcode,intcodelo,powerup,init -pramtop=0600h \
  -psmallconst=SMALLCONST -pmediumconst=MEDIUMCONST -pconst=CONST \
  -AFARRAM=00h-00h -ACONFIG=0300000h-030000Dh -pconfig=CONFIG \
  -AIDLOC=0200000h-0200007h -pidloc=IDLOC -AEEDATA=0F00000h-0F000FFh \
  -peeprom_data=EEDATA \
  -prdata=COMRAM,nvrram=COMRAM,nvbit=COMRAM,rbss=COMRAM,rbit=COMRAM \
  -pfarbss=FARRAM,fardata=FARRAM,nvFARRAM=FARRAM \
  -pintsave_regs=BIGRAM,bigbss=BIGRAM,bigdata=BIGRAM -pbss=RAM \
  -pidata=CODE,irdata=CODE,ibigdata=CODE,ifardata=CODE -prparam=COMRAM \
  /tmp/xcX5Jh4tm.obj dist/default/production/test.X.production.obj 

Object code version is 3.11

Machine type is 18F25K22

Call graph: (short form)




                Name                               Link     Load   Length Selector   Space Scale
/tmp/xcX5Jh4tm.obj
                init                                  0        0        4        0       0
                idloc                            200000   200000        8   200000       0
                config                           300000   300000        E   300000       0
dist/default/production/test.X.production.obj
                smallconst                          600      600        6      300       0
                text27                             11A0     11A0       10      303       0
                text26                             1014     1014       30      303       0
                text25                             10C6     10C6       24      303       0
                text24                              EEA      EEA       84      303       0
                text23                              C1A      C1A      120      303       0
                text22                             1190     1190       10      303       0
                text21                              F6E      F6E       6C      303       0
                text20                              820      820      20E      303       0
                text19                              D3A      D3A      11C      303       0
                text18                             11CA     11CA        C      303       0
                text17                             1158     1158       16      303       0
                text16                              606      606      21A      303       0
                text15                             1126     1126       1C      303       0
                text14                             1180     1180       10      303       0
                text13                             1142     1142       16      303       0
                text12                             116E     116E       12      303       0
                text11                             1072     1072       2E      303       0
                text10                             11B0     11B0        E      303       0
                text9                              10A0     10A0       26      303       0
                text8                              1108     1108       1E      303       0
                text7                              11BE     11BE        C      303       0
                text6                              10EA     10EA       1E      303       0
                text5                              11E4     11E4        4      303       0
                text4                              11E0     11E0        4      303       0
                text3                              11D6     11D6        A      303       0
                text2                               E56      E56       94      303       0
                text1                              1044     1044       2E      303       0
                text0                               A2E      A2E      1EC      303       0
                cstackCOMRAM                          1        1       54        1       1
                bssBANK0                             60       60        2       60       1
                dataCOMRAM                           5C       5C        3        1       1
                bssCOMRAM                            55       55        7        1       1
                cinit                               FDA      FDA       3A      303       0
                idataCOMRAM                        11E8     11E8        3      303       0

TOTAL           Name                               Link     Load   Length     Space
        CLASS   STACK          

        CLASS   CODE           
                init                                  0        0        4         0
                text27                             11A0     11A0       10         0
                text26                             1014     1014       30         0
                text25                             10C6     10C6       24         0
                text24                              EEA      EEA       84         0
                text23                              C1A      C1A      120         0
                text22                             1190     1190       10         0
                text21                              F6E      F6E       6C         0
                text20                              820      820      20E         0
                text19                              D3A      D3A      11C         0
                text18                             11CA     11CA        C         0
                text17                             1158     1158       16         0
                text16                              606      606      21A         0
                text15                             1126     1126       1C         0
                text14                             1180     1180       10         0
                text13                             1142     1142       16         0
                text12                             116E     116E       12         0
                text11                             1072     1072       2E         0
                text10                             11B0     11B0        E         0
                text9                              10A0     10A0       26         0
                text8                              1108     1108       1E         0
                text7                              11BE     11BE        C         0
                text6                              10EA     10EA       1E         0
                text5                              11E4     11E4        4         0
                text4                              11E0     11E0        4         0
                text3                              11D6     11D6        A         0
                text2                               E56      E56       94         0
                text1                              1044     1044       2E         0
                text0                               A2E      A2E      1EC         0
                cinit                               FDA      FDA       3A         0
                idataCOMRAM                        11E8     11E8        3         0

        CLASS   CONST          

        CLASS   SMALLCONST     
                smallconst                          600      600        6         0

        CLASS   MEDIUMCONST    

        CLASS   COMRAM         
                cstackCOMRAM                          1        1       54         1
                dataCOMRAM                           5C       5C        3         1
                bssCOMRAM                            55       55        7         1

        CLASS   ABS1           

        CLASS   BIGRAM         

        CLASS   RAM            

        CLASS   BANK0          
                bssBANK0                             60       60        2         1

        CLASS   BANK1          

        CLASS   BANK2          

        CLASS   BANK3          

        CLASS   BANK4          

        CLASS   BANK5          

        CLASS   SFR            

        CLASS   FARRAM         

        CLASS   CONFIG         
                config                           300000   300000        E         0

        CLASS   IDLOC          
                idloc                            200000   200000        8         0

        CLASS   EEDATA         



SEGMENTS        Name                           Load    Length   Top    Selector   Space  Class

                reset_vec                      000000  000004  000004         0       0  CODE    
                cstackCOMRAM                   000001  00005E  00005F         1       1  COMRAM  
                bssBANK0                       000060  000002  000062        60       1  BANK0   
                smallconst                     000600  000006  000606       300       0  SMALLCON
                text16                         000606  000BE5  0011EB       303       0  CODE    
                idloc                          200000  000008  200008    200000       0  IDLOC   
                config                         300000  00000E  30000E    300000       0  CONFIG  


UNUSED ADDRESS RANGES

        Name                Unused          Largest block    Delta
        BANK0            000062-0000FF               9E
        BANK1            000100-0001FF              100
        BANK2            000200-0002FF              100
        BANK3            000300-0003FF              100
        BANK4            000400-0004FF              100
        BANK5            000500-0005FF              100
        BIGRAM           00005F-00005F                1
                         000062-0005FF              59E
        CODE             000004-0005FF              5FC
                         0011EB-007FFF             6E15
        COMRAM           00005F-00005F                1
        CONST            000004-0005FF              5FC
                         0011EB-007FFF             6E15
        EEDATA           F00000-F000FF              100
        MEDIUMCONST      0011EB-007FFF             6E15
        RAM              000062-0005FF              100
        SFR              000F38-000FFF               28
        SMALLCONST       0011EB-007FFF              100
        STACK            000062-0005FF              59E

                                  Symbol Table

?_ADC_GetConversion               cstackCOMRAM 000001
?_TMR0_ReadTimer                  cstackCOMRAM 000001
?___awdiv                         cstackCOMRAM 000001
ADC_GetConversion@channel         cstackCOMRAM 000005
AutoSet@analog                    cstackCOMRAM 000032
AutoSet@detect                    cstackCOMRAM 000028
AutoSet@max                       cstackCOMRAM 000030
AutoSet@min                       cstackCOMRAM 00002E
AutoSet@prumer                    cstackCOMRAM 000033
AutoSet@weld                      cstackCOMRAM 000026
Calibrate@analog                  cstackCOMRAM 00001F
Calibrate@calib                   cstackCOMRAM 00001A
Calibrate@diff_1                  cstackCOMRAM 00001B
Calibrate@diff_2                  cstackCOMRAM 00001C
Calibrate@max                     cstackCOMRAM 000022
Calibrate@min                     cstackCOMRAM 000020
Calibrate@prumer                  cstackCOMRAM 000024
Calibrate@table                   cstackCOMRAM 00001D
DataSend@data                     cstackCOMRAM 000002
DataSend@sendH                    cstackCOMRAM 000005
DataSend@sendL                    cstackCOMRAM 000004
EUSART1_Write@txData              cstackCOMRAM 000001
MinMax@analog                     cstackCOMRAM 000013
MinMax@count                      cstackCOMRAM 000009
MinMax@i                          cstackCOMRAM 000016
MinMax@max                        cstackCOMRAM 00000C
MinMax@min                        cstackCOMRAM 00000A
MinMax@prumer                     cstackCOMRAM 00000E
MinMax@result                     cstackCOMRAM 000018
MinMax@tmp                        cstackCOMRAM 000014
NormalWork@analog                 cstackCOMRAM 000042
NormalWork@count                  cstackCOMRAM 00003F
NormalWork@count_1130             cstackCOMRAM 000040
NormalWork@count_measure          cstackCOMRAM 00003D
NormalWork@delay                  cstackCOMRAM 000037
NormalWork@level_detect           cstackCOMRAM 000039
NormalWork@result                 cstackCOMRAM 000043
NormalWork@weld                   cstackCOMRAM 000041
NormalWork@weld_detect            cstackCOMRAM 000035
ProbeDelay@delay                  cstackCOMRAM 000002
ProbeDelay@j                      cstackCOMRAM 000003
SPI1_Exchange8bit@data            cstackCOMRAM 000001
SendToSPI@set                     cstackCOMRAM 000006
SendToSPI@table                   cstackCOMRAM 000002
SendToSPI@tmpH                    cstackCOMRAM 000008
SendToSPI@tmpL                    cstackCOMRAM 000007
SendToSPI@total                   cstackCOMRAM 000005
SendToSPI@value                   cstackCOMRAM 000009
TMR0_ReadTimer@readVal            cstackCOMRAM 000005
TMR0_ReadTimer@readValHigh        cstackCOMRAM 000008
TMR0_ReadTimer@readValLow         cstackCOMRAM 000007
TMR0_WriteTimer@timerVal          cstackCOMRAM 000001
TimerTest@value                   cstackCOMRAM 000009
_ADCON0                           (abs)        000FC2
_ADCON0bits                       (abs)        000FC2
_ADCON1                           (abs)        000FC1
_ADCON2                           (abs)        000FC0
_ADC_GetConversion                text26       001014
_ADC_Initialize                   text15       001126
_ADRESH                           (abs)        000FC4
_ADRESL                           (abs)        000FC3
_ANSELA                           (abs)        000F38
_ANSELB                           (abs)        000F39
_ANSELC                           (abs)        000F3A
_AutoSet                          text19       000D3A
_BAUDCON1                         (abs)        000FB8
_CCP5CON                          (abs)        000F54
_CCP5_Initialize                  text14       001180
_CCPR5H                           (abs)        000F56
_CCPR5L                           (abs)        000F55
_Calibrate                        text20       000820
_DataSend                         text17       001158
_EUSART1_Initialize               text13       001142
_EUSART1_Read                     text27       0011A0
_EUSART1_Write                    text18       0011CA
_INTCON2bits                      (abs)        000FF1
_INTCONbits                       (abs)        000FF2
_LATA                             (abs)        000F89
_LATAbits                         (abs)        000F89
_LATB                             (abs)        000F8A
_LATBbits                         (abs)        000F8A
_LATC                             (abs)        000F8B
_LATCbits                         (abs)        000F8B
_MinMax                           text23       000C1A
_NormalWork                       text16       000606
_OSCCON                           (abs)        000FD3
_OSCCON2                          (abs)        000FD2
_OSCILLATOR_Initialize            text12       00116E
_OSCTUNE                          (abs)        000F9B
_PIN_MANAGER_Initialize           text11       001072
_PIR1bits                         (abs)        000F9E
_PLLRDY                           (abs)        007E97
_PORTBbits                        (abs)        000F81
_ProbeDelay                       text25       0010C6
_RCREG1                           (abs)        000FAE
_RCSTA1                           (abs)        000FAB
_RCSTA1bits                       (abs)        000FAB
_SPBRG1                           (abs)        000FAF
_SPBRGH1                          (abs)        000FB0
_SPI1_Exchange8bit                text22       001190
_SPI1_Initialize                  text10       0011B0
_SSP1ADD                          (abs)        000FC8
_SSP1BUF                          (abs)        000FC9
_SSP1CON1                         (abs)        000FC6
_SSP1CON1bits                     (abs)        000FC6
_SSP1STAT                         (abs)        000FC7
_SSP1STATbits                     (abs)        000FC7
_SYSTEM_Initialize                text8        001108
_SendToSPI                        text21       000F6E
_T0CON                            (abs)        000FD5
_T0CONbits                        (abs)        000FD5
_TMR0H                            (abs)        000FD7
_TMR0L                            (abs)        000FD6
_TMR0_HasOverflowOccured          text7        0011BE
_TMR0_Initialize                  text9        0010A0
_TMR0_ReadTimer                   text6        0010EA
_TMR0_StartTimer                  text5        0011E4
_TMR0_StopTimer                   text4        0011E0
_TMR0_WriteTimer                  text3        0011D6
_TRISA                            (abs)        000F92
_TRISB                            (abs)        000F93
_TRISC                            (abs)        000F94
_TXREG1                           (abs)        000FAD
_TXSTA1                           (abs)        000FAC
_TimerTest                        text2        000E56
_VREFCON0                         (abs)        000F42
_WPUB                             (abs)        000F61
__CFG_BOREN$SBORDIS               (abs)        000000
__CFG_BORV$190                    (abs)        000000
__CFG_CCP2MX$PORTC1               (abs)        000000
__CFG_CCP3MX$PORTB5               (abs)        000000
__CFG_CP0$OFF                     (abs)        000000
__CFG_CP1$OFF                     (abs)        000000
__CFG_CP2$OFF                     (abs)        000000
__CFG_CP3$OFF                     (abs)        000000
__CFG_CPB$OFF                     (abs)        000000
__CFG_CPD$OFF                     (abs)        000000
__CFG_DEBUG$OFF                   (abs)        000000
__CFG_EBTR0$OFF                   (abs)        000000
__CFG_EBTR1$OFF                   (abs)        000000
__CFG_EBTR2$OFF                   (abs)        000000
__CFG_EBTR3$OFF                   (abs)        000000
__CFG_EBTRB$OFF                   (abs)        000000
__CFG_FCMEN$OFF                   (abs)        000000
__CFG_FOSC$HSHP                   (abs)        000000
__CFG_HFOFST$ON                   (abs)        000000
__CFG_IESO$OFF                    (abs)        000000
__CFG_LVP$ON                      (abs)        000000
__CFG_MCLRE$EXTMCLR               (abs)        000000
__CFG_P2BMX$PORTB5                (abs)        000000
__CFG_PBADEN$ON                   (abs)        000000
__CFG_PLLCFG$ON                   (abs)        000000
__CFG_PRICLKEN$ON                 (abs)        000000
__CFG_PWRTEN$OFF                  (abs)        000000
__CFG_STVREN$ON                   (abs)        000000
__CFG_T3CMX$PORTC0                (abs)        000000
__CFG_WDTEN$OFF                   (abs)        000000
__CFG_WDTPS$32768                 (abs)        000000
__CFG_WRT0$OFF                    (abs)        000000
__CFG_WRT1$OFF                    (abs)        000000
__CFG_WRT2$OFF                    (abs)        000000
__CFG_WRT3$OFF                    (abs)        000000
__CFG_WRTB$OFF                    (abs)        000000
__CFG_WRTC$OFF                    (abs)        000000
__CFG_WRTD$OFF                    (abs)        000000
__CFG_XINST$OFF                   (abs)        000000
__HRAM                            (abs)        000000
__Habs1                           abs1         000000
__Hbank0                          bank0        000000
__Hbank1                          bank1        000000
__Hbank2                          bank2        000000
__Hbank3                          bank3        000000
__Hbank4                          bank4        000000
__Hbank5                          bank5        000000
__Hbigbss                         bigbss       000000
__Hbigdata                        bigdata      000000
__Hbigram                         bigram       000000
__Hbss                            bss          000000
__HbssBANK0                       bssBANK0     000000
__HbssCOMRAM                      bssCOMRAM    000000
__Hcinit                          cinit        000000
__Hclrtext                        clrtext      000000
__Hcomram                         comram       000000
__Hconfig                         config       30000E
__Hconst                          const        000000
__HcstackCOMRAM                   cstackCOMRAM 000000
__Hdata                           data         000000
__HdataCOMRAM                     dataCOMRAM   000000
__Heeprom_data                    eeprom_data  000000
__Hfarbss                         farbss       000000
__Hfardata                        fardata      000000
__Hibigdata                       ibigdata     000000
__Hidata                          idata        000000
__HidataCOMRAM                    idataCOMRAM  000000
__Hidloc                          idloc        200008
__Hifardata                       ifardata     000000
__Hinit                           init         000004
__Hintcode                        intcode      000000
__Hintcode_body                   intcode_body 000000
__Hintcodelo                      intcodelo    000000
__Hintentry                       intentry     000000
__Hintret                         intret       000000
__Hintsave_regs                   intsave_regs 000000
__Hirdata                         irdata       000000
__Hmediumconst                    mediumconst  000000
__HnvFARRAM                       nvFARRAM     000000
__Hnvbit                          nvbit        000000
__Hnvrram                         nvrram       000000
__Hparam                          rparam       000000
__Hpowerup                        powerup      000000
__Hram                            ram          000000
__Hramtop                         ramtop       000600
__Hrbit                           rbit         000000
__Hrbss                           rbss         000000
__Hrdata                          rdata        000000
__Hreset_vec                      reset_vec    000000
__Hrparam                         rparam       000000
__Hsfr                            sfr          000000
__Hsmallconst                     smallconst   000606
__Hspace_0                        (abs)        30000E
__Hspace_1                        (abs)        000062
__Hspace_2                        (abs)        000000
__Hstack                          stack        000000
__Hstruct                         struct       000000
__Htemp                           temp         000000
__Htext                           text         000000
__Htext0                          text0        000000
__Htext1                          text1        000000
__Htext10                         text10       000000
__Htext11                         text11       000000
__Htext12                         text12       000000
__Htext13                         text13       000000
__Htext14                         text14       000000
__Htext15                         text15       000000
__Htext16                         text16       000000
__Htext17                         text17       000000
__Htext18                         text18       000000
__Htext19                         text19       000000
__Htext2                          text2        000000
__Htext20                         text20       000000
__Htext21                         text21       000000
__Htext22                         text22       000000
__Htext23                         text23       000000
__Htext24                         text24       000000
__Htext25                         text25       000000
__Htext26                         text26       000000
__Htext27                         text27       000000
__Htext3                          text3        000000
__Htext4                          text4        000000
__Htext5                          text5        000000
__Htext6                          text6        000000
__Htext7                          text7        000000
__Htext8                          text8        000000
__Htext9                          text9        000000
__LRAM                            (abs)        000001
__Labs1                           abs1         000000
__Lbank0                          bank0        000000
__Lbank1                          bank1        000000
__Lbank2                          bank2        000000
__Lbank3                          bank3        000000
__Lbank4                          bank4        000000
__Lbank5                          bank5        000000
__Lbigbss                         bigbss       000000
__Lbigdata                        bigdata      000000
__Lbigram                         bigram       000000
__Lbss                            bss          000000
__LbssBANK0                       bssBANK0     000000
__LbssCOMRAM                      bssCOMRAM    000000
__Lcinit                          cinit        000000
__Lclrtext                        clrtext      000000
__Lcomram                         comram       000000
__Lconfig                         config       300000
__Lconst                          const        000000
__LcstackCOMRAM                   cstackCOMRAM 000000
__Ldata                           data         000000
__LdataCOMRAM                     dataCOMRAM   000000
__Leeprom_data                    eeprom_data  000000
__Lfarbss                         farbss       000000
__Lfardata                        fardata      000000
__Libigdata                       ibigdata     000000
__Lidata                          idata        000000
__LidataCOMRAM                    idataCOMRAM  000000
__Lidloc                          idloc        200000
__Lifardata                       ifardata     000000
__Linit                           init         000000
__Lintcode                        intcode      000000
__Lintcode_body                   intcode_body 000000
__Lintcodelo                      intcodelo    000000
__Lintentry                       intentry     000000
__Lintret                         intret       000000
__Lintsave_regs                   intsave_regs 000000
__Lirdata                         irdata       000000
__Lmediumconst                    mediumconst  000000
__LnvFARRAM                       nvFARRAM     000000
__Lnvbit                          nvbit        000000
__Lnvrram                         nvrram       000000
__Lparam                          rparam       000000
__Lpowerup                        powerup      000000
__Lram                            ram          000000
__Lramtop                         ramtop       000600
__Lrbit                           rbit         000000
__Lrbss                           rbss         000000
__Lrdata                          rdata        000000
__Lreset_vec                      reset_vec    000000
__Lrparam                         rparam       000000
__Lsfr                            sfr          000000
__Lsmallconst                     smallconst   000600
__Lspace_0                        (abs)        000000
__Lspace_1                        (abs)        000000
__Lspace_2                        (abs)        000000
__Lstack                          stack        000000
__Lstruct                         struct       000000
__Ltemp                           temp         000000
__Ltext                           text         000000
__Ltext0                          text0        000000
__Ltext1                          text1        000000
__Ltext10                         text10       000000
__Ltext11                         text11       000000
__Ltext12                         text12       000000
__Ltext13                         text13       000000
__Ltext14                         text14       000000
__Ltext15                         text15       000000
__Ltext16                         text16       000000
__Ltext17                         text17       000000
__Ltext18                         text18       000000
__Ltext19                         text19       000000
__Ltext2                          text2        000000
__Ltext20                         text20       000000
__Ltext21                         text21       000000
__Ltext22                         text22       000000
__Ltext23                         text23       000000
__Ltext24                         text24       000000
__Ltext25                         text25       000000
__Ltext26                         text26       000000
__Ltext27                         text27       000000
__Ltext3                          text3        000000
__Ltext4                          text4        000000
__Ltext5                          text5        000000
__Ltext6                          text6        000000
__Ltext7                          text7        000000
__Ltext8                          text8        000000
__Ltext9                          text9        000000
__S0                              (abs)        30000E
__S1                              (abs)        000062
__S2                              (abs)        000000
___awdiv                          text24       000EEA
___awdiv@counter                  cstackCOMRAM 000005
___awdiv@dividend                 cstackCOMRAM 000001
___awdiv@divisor                  cstackCOMRAM 000003
___awdiv@quotient                 cstackCOMRAM 000007
___awdiv@sign                     cstackCOMRAM 000006
___inthi_sp                       stack        000000
___intlo_sp                       stack        000000
___param_bank                     (abs)        000000
___rparam_used                    (abs)        000001
___sp                             stack        000000
__accesstop                       (abs)        000060
__activetblptr                    (abs)        000002
__end_of_ADC_GetConversion        text26       001044
__end_of_ADC_Initialize           text15       001142
__end_of_AutoSet                  text19       000E56
__end_of_CCP5_Initialize          text14       001190
__end_of_Calibrate                text20       000A2E
__end_of_DataSend                 text17       00116E
__end_of_EUSART1_Initialize       text13       001158
__end_of_EUSART1_Read             text27       0011B0
__end_of_EUSART1_Write            text18       0011D6
__end_of_MinMax                   text23       000D3A
__end_of_NormalWork               text16       000820
__end_of_OSCILLATOR_Initialize    text12       001180
__end_of_PIN_MANAGER_Initialize   text11       0010A0
__end_of_ProbeDelay               text25       0010EA
__end_of_SPI1_Exchange8bit        text22       0011A0
__end_of_SPI1_Initialize          text10       0011BE
__end_of_SYSTEM_Initialize        text8        001126
__end_of_SendToSPI                text21       000FDA
__end_of_TMR0_HasOverflowOccured  text7        0011CA
__end_of_TMR0_Initialize          text9        0010C6
__end_of_TMR0_ReadTimer           text6        001108
__end_of_TMR0_StartTimer          text5        0011E8
__end_of_TMR0_StopTimer           text4        0011E4
__end_of_TMR0_WriteTimer          text3        0011E0
__end_of_TimerTest                text2        000EEA
__end_of___awdiv                  text24       000F6E
__end_of__initialization          cinit        00100A
__end_of_analog_send              text1        001072
__end_of_main                     text0        000C1A
__initialization                  cinit        000FDA
__mediumconst                     mediumconst  000000
__pbssBANK0                       bssBANK0     000060
__pbssCOMRAM                      bssCOMRAM    000055
__pcinit                          cinit        000FDA
__pcstackCOMRAM                   cstackCOMRAM 000001
__pdataCOMRAM                     dataCOMRAM   00005C
__pidataCOMRAM                    idataCOMRAM  0011E8
__psmallconst                     smallconst   000600
__ptext0                          text0        000A2E
__ptext1                          text1        001044
__ptext10                         text10       0011B0
__ptext11                         text11       001072
__ptext12                         text12       00116E
__ptext13                         text13       001142
__ptext14                         text14       001180
__ptext15                         text15       001126
__ptext16                         text16       000606
__ptext17                         text17       001158
__ptext18                         text18       0011CA
__ptext19                         text19       000D3A
__ptext2                          text2        000E56
__ptext20                         text20       000820
__ptext21                         text21       000F6E
__ptext22                         text22       001190
__ptext23                         text23       000C1A
__ptext24                         text24       000EEA
__ptext25                         text25       0010C6
__ptext26                         text26       001014
__ptext27                         text27       0011A0
__ptext3                          text3        0011D6
__ptext4                          text4        0011E0
__ptext5                          text5        0011E4
__ptext6                          text6        0010EA
__ptext7                          text7        0011BE
__ptext8                          text8        001108
__ptext9                          text9        0010A0
__ramtop                          ramtop       000600
__size_of_ADC_GetConversion       (abs)        000000
__size_of_ADC_Initialize          (abs)        000000
__size_of_AutoSet                 (abs)        000000
__size_of_CCP5_Initialize         (abs)        000000
__size_of_Calibrate               (abs)        000000
__size_of_DataSend                (abs)        000000
__size_of_EUSART1_Initialize      (abs)        000000
__size_of_EUSART1_Read            (abs)        000000
__size_of_EUSART1_Write           (abs)        000000
__size_of_MinMax                  (abs)        000000
__size_of_NormalWork              (abs)        000000
__size_of_OSCILLATOR_Initialize   (abs)        000000
__size_of_PIN_MANAGER_Initialize  (abs)        000000
__size_of_ProbeDelay              (abs)        000000
__size_of_SPI1_Exchange8bit       (abs)        000000
__size_of_SPI1_Initialize         (abs)        000000
__size_of_SYSTEM_Initialize       (abs)        000000
__size_of_SendToSPI               (abs)        000000
__size_of_TMR0_HasOverflowOccured (abs)        000000
__size_of_TMR0_Initialize         (abs)        000000
__size_of_TMR0_ReadTimer          (abs)        000000
__size_of_TMR0_StartTimer         (abs)        000000
__size_of_TMR0_StopTimer          (abs)        000000
__size_of_TMR0_WriteTimer         (abs)        000000
__size_of_TimerTest               (abs)        000000
__size_of___awdiv                 (abs)        000000
__size_of_analog_send             (abs)        000000
__size_of_main                    (abs)        000000
__smallconst                      smallconst   000600
_analog_count                     dataCOMRAM   00005D
_analog_send                      text1        001044
_auto_offset                      bssBANK0     000060
_calm_state                       bssCOMRAM    000055
_filtr                            bssCOMRAM    00005B
_main                             text0        000A2E
_offset                           dataCOMRAM   00005E
_readDA                           dataCOMRAM   00005C
_timer0ReloadVal                  bssCOMRAM    000059
analog_send@adc_result            cstackCOMRAM 000007
analog_send@analog                cstackCOMRAM 000006
end_of_initialization             cinit        00100A
intlevel0                         text         000000
intlevel1                         text         000000
intlevel2                         text         000000
intlevel3                         text         000000
main@analog                       cstackCOMRAM 000053
main@command                      cstackCOMRAM 000052
main@i                            cstackCOMRAM 00004F
main@level_detect                 cstackCOMRAM 00004B
main@probe_delay                  cstackCOMRAM 000054
main@readH                        cstackCOMRAM 000049
main@readL                        cstackCOMRAM 00004A
main@spiBuffer                    cstackCOMRAM 000047
main@weld_detect                  cstackCOMRAM 000050
stackhi                           (abs)        0005FF
stacklo                           (abs)        000062
start                             init         000000
start_initialization              cinit        000FDA


FUNCTION INFORMATION:

 *************** function _main *****************
 Defined at:
		line 44 in file "main.c"
 Parameters:    Size  Location     Type
		None
 Auto vars:     Size  Location     Type
  i               1   78[COMRAM] unsigned char 
  level_detect    4   74[COMRAM] unsigned int [2]
  weld_detect     2   79[COMRAM] unsigned int 
  spiBuffer       2   70[COMRAM] unsigned char [2]
  adc_result      2    0        unsigned int 
  probe_delay     1   83[COMRAM] unsigned char 
  analog          1   82[COMRAM] enum E6697
  command         1   81[COMRAM] unsigned char 
  readL           1   73[COMRAM] unsigned char 
  readH           1   72[COMRAM] unsigned char 
  sendL           1    0        unsigned char 
  sendH           1    0        unsigned char 
 Return value:  Size  Location     Type
                  1    wreg      void 
 Registers used:
		wreg, fsr2l, fsr2h, status,2, status,0, cstack
 Tracked objects:
		On entry : 
		On exit  : 
		Unchanged: 
 Data sizes:     COMRAM   BANK0   BANK1   BANK2   BANK3   BANK4   BANK5
      Params:         0       0       0       0       0       0       0
      Locals:        14       0       0       0       0       0       0
      Temps:          2       0       0       0       0       0       0
      Totals:        16       0       0       0       0       0       0
Total ram usage:       16 bytes
 Hardware stack levels required when called:    5
 This function calls:
		_AutoSet
		_Calibrate
		_DataSend
		_EUSART1_Read
		_EUSART1_Write
		_NormalWork
		_ProbeDelay
		_SYSTEM_Initialize
		_SendToSPI
		_TimerTest
		_analog_send
 This function is called by:
		Startup code after reset
 This function uses a non-reentrant model


 *************** function _analog_send *****************
 Defined at:
		line 217 in file "main.c"
 Parameters:    Size  Location     Type
  analog          1    wreg     enum E6697
 Auto vars:     Size  Location     Type
  analog          1    5[COMRAM] enum E6697
  adc_result      2    6[COMRAM] unsigned int 
  sendL           1    0        unsigned char 
  sendH           1    0        unsigned char 
 Return value:  Size  Location     Type
                  1    wreg      void 
 Registers used:
		wreg, status,2, status,0, cstack
 Tracked objects:
		On entry : 
		On exit  : 
		Unchanged: 
 Data sizes:     COMRAM   BANK0   BANK1   BANK2   BANK3   BANK4   BANK5
      Params:         0       0       0       0       0       0       0
      Locals:         3       0       0       0       0       0       0
      Temps:          0       0       0       0       0       0       0
      Totals:         3       0       0       0       0       0       0
Total ram usage:        3 bytes
 Hardware stack levels used:    1
 Hardware stack levels required when called:    2
 This function calls:
		_ADC_GetConversion
		_DataSend
 This function is called by:
		_main
 This function uses a non-reentrant model


 *************** function _TimerTest *****************
 Defined at:
		line 504 in file "main.c"
 Parameters:    Size  Location     Type
		None
 Auto vars:     Size  Location     Type
  value           2    8[COMRAM] unsigned int 
 Return value:  Size  Location     Type
                  1    wreg      void 
 Registers used:
		wreg, status,2, status,0, cstack
 Tracked objects:
		On entry : 
		On exit  : 
		Unchanged: 
 Data sizes:     COMRAM   BANK0   BANK1   BANK2   BANK3   BANK4   BANK5
      Params:         0       0       0       0       0       0       0
      Locals:         2       0       0       0       0       0       0
      Temps:          0       0       0       0       0       0       0
      Totals:         2       0       0       0       0       0       0
Total ram usage:        2 bytes
 Hardware stack levels used:    1
 Hardware stack levels required when called:    1
 This function calls:
		_ProbeDelay
		_TMR0_HasOverflowOccured
		_TMR0_ReadTimer
		_TMR0_StartTimer
		_TMR0_StopTimer
		_TMR0_WriteTimer
 This function is called by:
		_main
 This function uses a non-reentrant model


 *************** function _TMR0_WriteTimer *****************
 Defined at:
		line 111 in file "mcc_generated_files/tmr0.c"
 Parameters:    Size  Location     Type
  timerVal        2    0[COMRAM] unsigned int 
 Auto vars:     Size  Location     Type
		None
 Return value:  Size  Location     Type
                  1    wreg      void 
 Registers used:
		wreg, status,2
 Tracked objects:
		On entry : 
		On exit  : 
		Unchanged: 
 Data sizes:     COMRAM   BANK0   BANK1   BANK2   BANK3   BANK4   BANK5
      Params:         2       0       0       0       0       0       0
      Locals:         0       0       0       0       0       0       0
      Temps:          0       0       0       0       0       0       0
      Totals:         2       0       0       0       0       0       0
Total ram usage:        2 bytes
 Hardware stack levels used:    1
 This function calls:
		Nothing
 This function is called by:
		_TimerTest
 This function uses a non-reentrant model


 *************** function _TMR0_StopTimer *****************
 Defined at:
		line 92 in file "mcc_generated_files/tmr0.c"
 Parameters:    Size  Location     Type
		None
 Auto vars:     Size  Location     Type
		None
 Return value:  Size  Location     Type
                  1    wreg      void 
 Registers used:
		None
 Tracked objects:
		On entry : 
		On exit  : 
		Unchanged: 
 Data sizes:     COMRAM   BANK0   BANK1   BANK2   BANK3   BANK4   BANK5
      Params:         0       0       0       0       0       0       0
      Locals:         0       0       0       0       0       0       0
      Temps:          0       0       0       0       0       0       0
      Totals:         0       0       0       0       0       0       0
Total ram usage:        0 bytes
 Hardware stack levels used:    1
 This function calls:
		Nothing
 This function is called by:
		_TimerTest
 This function uses a non-reentrant model


 *************** function _TMR0_StartTimer *****************
 Defined at:
		line 86 in file "mcc_generated_files/tmr0.c"
 Parameters:    Size  Location     Type
		None
 Auto vars:     Size  Location     Type
		None
 Return value:  Size  Location     Type
                  1    wreg      void 
 Registers used:
		None
 Tracked objects:
		On entry : 
		On exit  : 
		Unchanged: 
 Data sizes:     COMRAM   BANK0   BANK1   BANK2   BANK3   BANK4   BANK5
      Params:         0       0       0       0       0       0       0
      Locals:         0       0       0       0       0       0       0
      Temps:          0       0       0       0       0       0       0
      Totals:         0       0       0       0       0       0       0
Total ram usage:        0 bytes
 Hardware stack levels used:    1
 This function calls:
		Nothing
 This function is called by:
		_TimerTest
 This function uses a non-reentrant model


 *************** function _TMR0_ReadTimer *****************
 Defined at:
		line 98 in file "mcc_generated_files/tmr0.c"
 Parameters:    Size  Location     Type
		None
 Auto vars:     Size  Location     Type
  readVal         2    4[COMRAM] unsigned int 
  readValHigh     1    7[COMRAM] unsigned char 
  readValLow      1    6[COMRAM] unsigned char 
 Return value:  Size  Location     Type
                  2    0[COMRAM] unsigned int 
 Registers used:
		wreg, status,2
 Tracked objects:
		On entry : 
		On exit  : 
		Unchanged: 
 Data sizes:     COMRAM   BANK0   BANK1   BANK2   BANK3   BANK4   BANK5
      Params:         2       0       0       0       0       0       0
      Locals:         4       0       0       0       0       0       0
      Temps:          2       0       0       0       0       0       0
      Totals:         8       0       0       0       0       0       0
Total ram usage:        8 bytes
 Hardware stack levels used:    1
 This function calls:
		Nothing
 This function is called by:
		_TimerTest
 This function uses a non-reentrant model


 *************** function _TMR0_HasOverflowOccured *****************
 Defined at:
		line 125 in file "mcc_generated_files/tmr0.c"
 Parameters:    Size  Location     Type
		None
 Auto vars:     Size  Location     Type
		None
 Return value:  Size  Location     Type
                  1    wreg      unsigned char 
 Registers used:
		wreg
 Tracked objects:
		On entry : 
		On exit  : 
		Unchanged: 
 Data sizes:     COMRAM   BANK0   BANK1   BANK2   BANK3   BANK4   BANK5
      Params:         0       0       0       0       0       0       0
      Locals:         0       0       0       0       0       0       0
      Temps:          0       0       0       0       0       0       0
      Totals:         0       0       0       0       0       0       0
Total ram usage:        0 bytes
 Hardware stack levels used:    1
 This function calls:
		Nothing
 This function is called by:
		_TimerTest
 This function uses a non-reentrant model


 *************** function _SYSTEM_Initialize *****************
 Defined at:
		line 112 in file "mcc_generated_files/mcc.c"
 Parameters:    Size  Location     Type
		None
 Auto vars:     Size  Location     Type
		None
 Return value:  Size  Location     Type
                  1    wreg      void 
 Registers used:
		wreg, status,2, status,0, cstack
 Tracked objects:
		On entry : 
		On exit  : 
		Unchanged: 
 Data sizes:     COMRAM   BANK0   BANK1   BANK2   BANK3   BANK4   BANK5
      Params:         0       0       0       0       0       0       0
      Locals:         0       0       0       0       0       0       0
      Temps:          0       0       0       0       0       0       0
      Totals:         0       0       0       0       0       0       0
Total ram usage:        0 bytes
 Hardware stack levels used:    1
 Hardware stack levels required when called:    1
 This function calls:
		_ADC_Initialize
		_CCP5_Initialize
		_EUSART1_Initialize
		_OSCILLATOR_Initialize
		_PIN_MANAGER_Initialize
		_SPI1_Initialize
		_TMR0_Initialize
 This function is called by:
		_main
 This function uses a non-reentrant model


 *************** function _TMR0_Initialize *****************
 Defined at:
		line 65 in file "mcc_generated_files/tmr0.c"
 Parameters:    Size  Location     Type
		None
 Auto vars:     Size  Location     Type
		None
 Return value:  Size  Location     Type
                  1    wreg      void 
 Registers used:
		wreg, status,2, status,0
 Tracked objects:
		On entry : 
		On exit  : 
		Unchanged: 
 Data sizes:     COMRAM   BANK0   BANK1   BANK2   BANK3   BANK4   BANK5
      Params:         0       0       0       0       0       0       0
      Locals:         0       0       0       0       0       0       0
      Temps:          2       0       0       0       0       0       0
      Totals:         2       0       0       0       0       0       0
Total ram usage:        2 bytes
 Hardware stack levels used:    1
 This function calls:
		Nothing
 This function is called by:
		_SYSTEM_Initialize
 This function uses a non-reentrant model


 *************** function _SPI1_Initialize *****************
 Defined at:
		line 63 in file "mcc_generated_files/spi1.c"
 Parameters:    Size  Location     Type
		None
 Auto vars:     Size  Location     Type
		None
 Return value:  Size  Location     Type
                  1    wreg      void 
 Registers used:
		wreg, status,2
 Tracked objects:
		On entry : 
		On exit  : 
		Unchanged: 
 Data sizes:     COMRAM   BANK0   BANK1   BANK2   BANK3   BANK4   BANK5
      Params:         0       0       0       0       0       0       0
      Locals:         0       0       0       0       0       0       0
      Temps:          0       0       0       0       0       0       0
      Totals:         0       0       0       0       0       0       0
Total ram usage:        0 bytes
 Hardware stack levels used:    1
 This function calls:
		Nothing
 This function is called by:
		_SYSTEM_Initialize
 This function uses a non-reentrant model


 *************** function _PIN_MANAGER_Initialize *****************
 Defined at:
		line 52 in file "mcc_generated_files/pin_manager.c"
 Parameters:    Size  Location     Type
		None
 Auto vars:     Size  Location     Type
		None
 Return value:  Size  Location     Type
                  1    wreg      void 
 Registers used:
		wreg, status,2
 Tracked objects:
		On entry : 
		On exit  : 
		Unchanged: 
 Data sizes:     COMRAM   BANK0   BANK1   BANK2   BANK3   BANK4   BANK5
      Params:         0       0       0       0       0       0       0
      Locals:         0       0       0       0       0       0       0
      Temps:          0       0       0       0       0       0       0
      Totals:         0       0       0       0       0       0       0
Total ram usage:        0 bytes
 Hardware stack levels used:    1
 This function calls:
		Nothing
 This function is called by:
		_SYSTEM_Initialize
 This function uses a non-reentrant model


 *************** function _OSCILLATOR_Initialize *****************
 Defined at:
		line 123 in file "mcc_generated_files/mcc.c"
 Parameters:    Size  Location     Type
		None
 Auto vars:     Size  Location     Type
		None
 Return value:  Size  Location     Type
                  1    wreg      void 
 Registers used:
		wreg, status,2
 Tracked objects:
		On entry : 
		On exit  : 
		Unchanged: 
 Data sizes:     COMRAM   BANK0   BANK1   BANK2   BANK3   BANK4   BANK5
      Params:         0       0       0       0       0       0       0
      Locals:         0       0       0       0       0       0       0
      Temps:          0       0       0       0       0       0       0
      Totals:         0       0       0       0       0       0       0
Total ram usage:        0 bytes
 Hardware stack levels used:    1
 This function calls:
		Nothing
 This function is called by:
		_SYSTEM_Initialize
 This function uses a non-reentrant model


 *************** function _EUSART1_Initialize *****************
 Defined at:
		line 53 in file "mcc_generated_files/eusart1.c"
 Parameters:    Size  Location     Type
		None
 Auto vars:     Size  Location     Type
		None
 Return value:  Size  Location     Type
                  1    wreg      void 
 Registers used:
		wreg, status,2
 Tracked objects:
		On entry : 
		On exit  : 
		Unchanged: 
 Data sizes:     COMRAM   BANK0   BANK1   BANK2   BANK3   BANK4   BANK5
      Params:         0       0       0       0       0       0       0
      Locals:         0       0       0       0       0       0       0
      Temps:          0       0       0       0       0       0       0
      Totals:         0       0       0       0       0       0       0
Total ram usage:        0 bytes
 Hardware stack levels used:    1
 This function calls:
		Nothing
 This function is called by:
		_SYSTEM_Initialize
 This function uses a non-reentrant model


 *************** function _CCP5_Initialize *****************
 Defined at:
		line 48 in file "mcc_generated_files/ccp5.c"
 Parameters:    Size  Location     Type
		None
 Auto vars:     Size  Location     Type
		None
 Return value:  Size  Location     Type
                  1    wreg      void 
 Registers used:
		wreg, status,2
 Tracked objects:
		On entry : 
		On exit  : 
		Unchanged: 
 Data sizes:     COMRAM   BANK0   BANK1   BANK2   BANK3   BANK4   BANK5
      Params:         0       0       0       0       0       0       0
      Locals:         0       0       0       0       0       0       0
      Temps:          0       0       0       0       0       0       0
      Totals:         0       0       0       0       0       0       0
Total ram usage:        0 bytes
 Hardware stack levels used:    1
 This function calls:
		Nothing
 This function is called by:
		_SYSTEM_Initialize
 This function uses a non-reentrant model


 *************** function _ADC_Initialize *****************
 Defined at:
		line 58 in file "mcc_generated_files/adc.c"
 Parameters:    Size  Location     Type
		None
 Auto vars:     Size  Location     Type
		None
 Return value:  Size  Location     Type
                  1    wreg      void 
 Registers used:
		wreg, status,2
 Tracked objects:
		On entry : 
		On exit  : 
		Unchanged: 
 Data sizes:     COMRAM   BANK0   BANK1   BANK2   BANK3   BANK4   BANK5
      Params:         0       0       0       0       0       0       0
      Locals:         0       0       0       0       0       0       0
      Temps:          0       0       0       0       0       0       0
      Totals:         0       0       0       0       0       0       0
Total ram usage:        0 bytes
 Hardware stack levels used:    1
 This function calls:
		Nothing
 This function is called by:
		_SYSTEM_Initialize
 This function uses a non-reentrant model


 *************** function _NormalWork *****************
 Defined at:
		line 240 in file "main.c"
 Parameters:    Size  Location     Type
  weld_detect     2   52[COMRAM] PTR unsigned int 
		 -> main@weld_detect(2), 
  delay           2   54[COMRAM] PTR unsigned char 
		 -> main@probe_delay(1), 
  level_detect    2   56[COMRAM] PTR unsigned int 
		 -> main@level_detect(4), 
 Auto vars:     Size  Location     Type
  count           1   63[COMRAM] unsigned char 
  count           1   62[COMRAM] unsigned char 
  result          2   66[COMRAM] unsigned int 
  count_measur    2   60[COMRAM] unsigned int 
  analog          1   65[COMRAM] enum E6697
  weld            1   64[COMRAM] unsigned char 
 Return value:  Size  Location     Type
                  1    wreg      void 
 Registers used:
		wreg, fsr2l, fsr2h, status,2, status,0, cstack
 Tracked objects:
		On entry : 
		On exit  : 
		Unchanged: 
 Data sizes:     COMRAM   BANK0   BANK1   BANK2   BANK3   BANK4   BANK5
      Params:         6       0       0       0       0       0       0
      Locals:         8       0       0       0       0       0       0
      Temps:          2       0       0       0       0       0       0
      Totals:        16       0       0       0       0       0       0
Total ram usage:       16 bytes
 Hardware stack levels used:    1
 Hardware stack levels required when called:    4
 This function calls:
		_ADC_GetConversion
		_AutoSet
		_DataSend
		_ProbeDelay
 This function is called by:
		_main
 This function uses a non-reentrant model


 *************** function _DataSend *****************
 Defined at:
		line 371 in file "main.c"
 Parameters:    Size  Location     Type
  data            2    1[COMRAM] unsigned int 
 Auto vars:     Size  Location     Type
  sendH           1    4[COMRAM] unsigned char 
  sendL           1    3[COMRAM] unsigned char 
 Return value:  Size  Location     Type
                  1    wreg      void 
 Registers used:
		wreg, status,2, cstack
 Tracked objects:
		On entry : 
		On exit  : 
		Unchanged: 
 Data sizes:     COMRAM   BANK0   BANK1   BANK2   BANK3   BANK4   BANK5
      Params:         2       0       0       0       0       0       0
      Locals:         2       0       0       0       0       0       0
      Temps:          0       0       0       0       0       0       0
      Totals:         4       0       0       0       0       0       0
Total ram usage:        4 bytes
 Hardware stack levels used:    1
 Hardware stack levels required when called:    1
 This function calls:
		_EUSART1_Write
 This function is called by:
		_main
		_analog_send
		_NormalWork
 This function uses a non-reentrant model


 *************** function _EUSART1_Write *****************
 Defined at:
		line 93 in file "mcc_generated_files/eusart1.c"
 Parameters:    Size  Location     Type
  txData          1    wreg     unsigned char 
 Auto vars:     Size  Location     Type
  txData          1    0[COMRAM] unsigned char 
 Return value:  Size  Location     Type
                  1    wreg      void 
 Registers used:
		wreg
 Tracked objects:
		On entry : 
		On exit  : 
		Unchanged: 
 Data sizes:     COMRAM   BANK0   BANK1   BANK2   BANK3   BANK4   BANK5
      Params:         0       0       0       0       0       0       0
      Locals:         1       0       0       0       0       0       0
      Temps:          0       0       0       0       0       0       0
      Totals:         1       0       0       0       0       0       0
Total ram usage:        1 bytes
 Hardware stack levels used:    1
 This function calls:
		Nothing
 This function is called by:
		_main
		_DataSend
 This function uses a non-reentrant model


 *************** function _AutoSet *****************
 Defined at:
		line 344 in file "main.c"
 Parameters:    Size  Location     Type
  analog          1    wreg     enum E6697
  weld            2   37[COMRAM] PTR unsigned int 
		 -> main@weld_detect(2), 
  detect          2   39[COMRAM] PTR unsigned int 
		 -> main@level_detect(4), 
 Auto vars:     Size  Location     Type
  analog          1   49[COMRAM] enum E6697
  prumer          2   50[COMRAM] unsigned int 
  max             2   47[COMRAM] unsigned int 
  min             2   45[COMRAM] unsigned int 
  tmp             2    0        unsigned int 
 Return value:  Size  Location     Type
                  1    wreg      void 
 Registers used:
		wreg, fsr2l, fsr2h, status,2, status,0, cstack
 Tracked objects:
		On entry : 
		On exit  : 
		Unchanged: 
 Data sizes:     COMRAM   BANK0   BANK1   BANK2   BANK3   BANK4   BANK5
      Params:         4       0       0       0       0       0       0
      Locals:         7       0       0       0       0       0       0
      Temps:          4       0       0       0       0       0       0
      Totals:        15       0       0       0       0       0       0
Total ram usage:       15 bytes
 Hardware stack levels used:    1
 Hardware stack levels required when called:    3
 This function calls:
		_Calibrate
		_MinMax
 This function is called by:
		_main
		_NormalWork
 This function uses a non-reentrant model


 *************** function _Calibrate *****************
 Defined at:
		line 380 in file "main.c"
 Parameters:    Size  Location     Type
  analog          1    wreg     enum E6697
 Auto vars:     Size  Location     Type
  analog          1   30[COMRAM] enum E6697
  prumer          2   35[COMRAM] unsigned int 
  max             2   33[COMRAM] unsigned int 
  min             2   31[COMRAM] unsigned int 
  table           2   28[COMRAM] unsigned char [2]
  tmp             2    0        unsigned int 
  result          2    0        unsigned int 
  diff_2          1   27[COMRAM] unsigned char 
  diff_1          1   26[COMRAM] unsigned char 
  calib           1   25[COMRAM] unsigned char 
 Return value:  Size  Location     Type
                  1    wreg      void 
 Registers used:
		wreg, fsr2l, fsr2h, status,2, status,0, cstack
 Tracked objects:
		On entry : 
		On exit  : 
		Unchanged: 
 Data sizes:     COMRAM   BANK0   BANK1   BANK2   BANK3   BANK4   BANK5
      Params:         0       0       0       0       0       0       0
      Locals:        12       0       0       0       0       0       0
      Temps:          0       0       0       0       0       0       0
      Totals:        12       0       0       0       0       0       0
Total ram usage:       12 bytes
 Hardware stack levels used:    1
 Hardware stack levels required when called:    2
 This function calls:
		_MinMax
		_SendToSPI
 This function is called by:
		_main
		_AutoSet
 This function uses a non-reentrant model


 *************** function _SendToSPI *****************
 Defined at:
		line 459 in file "main.c"
 Parameters:    Size  Location     Type
  value           1    wreg     unsigned char 
  table           2    1[COMRAM] PTR unsigned char 
		 -> Calibrate@table(2), main@spiBuffer(2), 
 Auto vars:     Size  Location     Type
  value           1    8[COMRAM] unsigned char 
  tmpH            1    7[COMRAM] unsigned char 
  tmpL            1    6[COMRAM] unsigned char 
  set             1    5[COMRAM] unsigned char 
  total           1    4[COMRAM] unsigned char 
 Return value:  Size  Location     Type
                  1    wreg      void 
 Registers used:
		wreg, fsr2l, fsr2h, status,2, status,0, cstack
 Tracked objects:
		On entry : 
		On exit  : 
		Unchanged: 
 Data sizes:     COMRAM   BANK0   BANK1   BANK2   BANK3   BANK4   BANK5
      Params:         2       0       0       0       0       0       0
      Locals:         5       0       0       0       0       0       0
      Temps:          1       0       0       0       0       0       0
      Totals:         8       0       0       0       0       0       0
Total ram usage:        8 bytes
 Hardware stack levels used:    1
 Hardware stack levels required when called:    1
 This function calls:
		_SPI1_Exchange8bit
 This function is called by:
		_main
		_Calibrate
 This function uses a non-reentrant model


 *************** function _SPI1_Exchange8bit *****************
 Defined at:
		line 77 in file "mcc_generated_files/spi1.c"
 Parameters:    Size  Location     Type
  data            1    wreg     unsigned char 
 Auto vars:     Size  Location     Type
  data            1    0[COMRAM] unsigned char 
 Return value:  Size  Location     Type
                  1    wreg      unsigned char 
 Registers used:
		wreg, status,2
 Tracked objects:
		On entry : 
		On exit  : 
		Unchanged: 
 Data sizes:     COMRAM   BANK0   BANK1   BANK2   BANK3   BANK4   BANK5
      Params:         0       0       0       0       0       0       0
      Locals:         1       0       0       0       0       0       0
      Temps:          0       0       0       0       0       0       0
      Totals:         1       0       0       0       0       0       0
Total ram usage:        1 bytes
 Hardware stack levels used:    1
 This function calls:
		Nothing
 This function is called by:
		_SendToSPI
		_SPI1_Exchange8bitBuffer
 This function uses a non-reentrant model


 *************** function _MinMax *****************
 Defined at:
		line 478 in file "main.c"
 Parameters:    Size  Location     Type
  analog          1    wreg     enum E6697
  count           1    8[COMRAM] unsigned char 
  min             2    9[COMRAM] PTR unsigned int 
		 -> Calibrate@min(2), AutoSet@min(2), 
  max             2   11[COMRAM] PTR unsigned int 
		 -> Calibrate@max(2), AutoSet@max(2), 
  prumer          2   13[COMRAM] PTR unsigned int 
		 -> Calibrate@prumer(2), AutoSet@prumer(2), 
 Auto vars:     Size  Location     Type
  analog          1   18[COMRAM] enum E6697
  result          2   23[COMRAM] unsigned int 
  i               2   21[COMRAM] int 
  tmp             2   19[COMRAM] int 
 Return value:  Size  Location     Type
                  1    wreg      void 
 Registers used:
		wreg, fsr2l, fsr2h, status,2, status,0, cstack
 Tracked objects:
		On entry : 
		On exit  : 
		Unchanged: 
 Data sizes:     COMRAM   BANK0   BANK1   BANK2   BANK3   BANK4   BANK5
      Params:         7       0       0       0       0       0       0
      Locals:         7       0       0       0       0       0       0
      Temps:          3       0       0       0       0       0       0
      Totals:        17       0       0       0       0       0       0
Total ram usage:       17 bytes
 Hardware stack levels used:    1
 Hardware stack levels required when called:    1
 This function calls:
		_ADC_GetConversion
		_ProbeDelay
		___awdiv
 This function is called by:
		_AutoSet
		_Calibrate
 This function uses a non-reentrant model


 *************** function ___awdiv *****************
 Defined at:
		line 8 in file "/opt/microchip/xc8/v1.44/sources/common/awdiv.c"
 Parameters:    Size  Location     Type
  dividend        2    0[COMRAM] int 
  divisor         2    2[COMRAM] int 
 Auto vars:     Size  Location     Type
  quotient        2    6[COMRAM] int 
  sign            1    5[COMRAM] unsigned char 
  counter         1    4[COMRAM] unsigned char 
 Return value:  Size  Location     Type
                  2    0[COMRAM] int 
 Registers used:
		wreg, status,2, status,0
 Tracked objects:
		On entry : 
		On exit  : 
		Unchanged: 
 Data sizes:     COMRAM   BANK0   BANK1   BANK2   BANK3   BANK4   BANK5
      Params:         4       0       0       0       0       0       0
      Locals:         4       0       0       0       0       0       0
      Temps:          0       0       0       0       0       0       0
      Totals:         8       0       0       0       0       0       0
Total ram usage:        8 bytes
 Hardware stack levels used:    1
 This function calls:
		Nothing
 This function is called by:
		_MinMax
 This function uses a non-reentrant model


 *************** function _ProbeDelay *****************
 Defined at:
		line 233 in file "main.c"
 Parameters:    Size  Location     Type
  delay           1    wreg     unsigned char 
 Auto vars:     Size  Location     Type
  delay           1    1[COMRAM] unsigned char 
  j               1    2[COMRAM] unsigned char 
 Return value:  Size  Location     Type
                  1    wreg      void 
 Registers used:
		wreg, status,2, status,0, cstack
 Tracked objects:
		On entry : 
		On exit  : 
		Unchanged: 
 Data sizes:     COMRAM   BANK0   BANK1   BANK2   BANK3   BANK4   BANK5
      Params:         0       0       0       0       0       0       0
      Locals:         2       0       0       0       0       0       0
      Temps:          1       0       0       0       0       0       0
      Totals:         3       0       0       0       0       0       0
Total ram usage:        3 bytes
 Hardware stack levels used:    1
 This function calls:
		Nothing
 This function is called by:
		_main
		_NormalWork
		_MinMax
		_TimerTest
 This function uses a non-reentrant model


 *************** function _ADC_GetConversion *****************
 Defined at:
		line 108 in file "mcc_generated_files/adc.c"
 Parameters:    Size  Location     Type
  channel         1    wreg     enum E6661
 Auto vars:     Size  Location     Type
  channel         1    4[COMRAM] enum E6661
 Return value:  Size  Location     Type
                  2    0[COMRAM] unsigned int 
 Registers used:
		wreg, status,2, status,0
 Tracked objects:
		On entry : 
		On exit  : 
		Unchanged: 
 Data sizes:     COMRAM   BANK0   BANK1   BANK2   BANK3   BANK4   BANK5
      Params:         2       0       0       0       0       0       0
      Locals:         1       0       0       0       0       0       0
      Temps:          2       0       0       0       0       0       0
      Totals:         5       0       0       0       0       0       0
Total ram usage:        5 bytes
 Hardware stack levels used:    1
 This function calls:
		Nothing
 This function is called by:
		_analog_send
		_NormalWork
		_MinMax
 This function uses a non-reentrant model


 *************** function _EUSART1_Read *****************
 Defined at:
		line 75 in file "mcc_generated_files/eusart1.c"
 Parameters:    Size  Location     Type
		None
 Auto vars:     Size  Location     Type
		None
 Return value:  Size  Location     Type
                  1    wreg      unsigned char 
 Registers used:
		wreg, status,2
 Tracked objects:
		On entry : 
		On exit  : 
		Unchanged: 
 Data sizes:     COMRAM   BANK0   BANK1   BANK2   BANK3   BANK4   BANK5
      Params:         0       0       0       0       0       0       0
      Locals:         0       0       0       0       0       0       0
      Temps:          0       0       0       0       0       0       0
      Totals:         0       0       0       0       0       0       0
Total ram usage:        0 bytes
 Hardware stack levels used:    1
 This function calls:
		Nothing
 This function is called by:
		_main
 This function uses a non-reentrant model



MODULE INFORMATION

Module		Function		Class		Link	Load	Size
mcc_generated_files/tmr0.c
		_TMR0_StopTimer		CODE           	11E0	0000	5
		_TMR0_WriteTimer		CODE           	11D6	0000	11
		_TMR0_StartTimer		CODE           	11E4	0000	5
		_TMR0_ReadTimer		CODE           	10EA	0000	31
		_TMR0_HasOverflowOccured		CODE           	11BE	0000	13
		_TMR0_Initialize		CODE           	10A0	0000	39

mcc_generated_files/tmr0.c estimated size: 104

mcc_generated_files/pin_manager.c
		_PIN_MANAGER_Initialize		CODE           	1072	0000	47

mcc_generated_files/pin_manager.c estimated size: 47

mcc_generated_files/spi1.c
		_SPI1_Initialize		CODE           	11B0	0000	15
		_SPI1_Exchange8bit		CODE           	1190	0000	17

mcc_generated_files/spi1.c estimated size: 32

mcc_generated_files/adc.c
		_ADC_Initialize		CODE           	1126	0000	29
		_ADC_GetConversion		CODE           	1014	0000	49

mcc_generated_files/adc.c estimated size: 78

shared
		__initialization		CODE           	0FDA	0000	49

shared estimated size: 49

mcc_generated_files/eusart1.c
		_EUSART1_Initialize		CODE           	1142	0000	23
		_EUSART1_Read  		CODE           	11A0	0000	17
		_EUSART1_Write 		CODE           	11CA	0000	13

mcc_generated_files/eusart1.c estimated size: 53

/opt/microchip/xc8/v1.44/sources/common/awdiv.c
		___awdiv       		CODE           	0EEA	0000	133

/opt/microchip/xc8/v1.44/sources/common/awdiv.c estimated size: 133

mcc_generated_files/mcc.c
		_OSCILLATOR_Initialize		CODE           	116E	0000	19
		_SYSTEM_Initialize		CODE           	1108	0000	31

mcc_generated_files/mcc.c estimated size: 50

mcc_generated_files/ccp5.c
		_CCP5_Initialize		CODE           	1180	0000	17

mcc_generated_files/ccp5.c estimated size: 17

main.c
		_SendToSPI     		CODE           	0F6E	0000	109
		_NormalWork    		CODE           	0606	0000	539
		_main          		CODE           	0A2E	0000	493
		_Calibrate     		CODE           	0820	0000	527
		_MinMax        		CODE           	0C1A	0000	289
		_TimerTest     		CODE           	0E56	0000	149
		_AutoSet       		CODE           	0D3A	0000	285
		_ProbeDelay    		CODE           	10C6	0000	37
		_analog_send   		CODE           	1044	0000	47
		_DataSend      		CODE           	1158	0000	23

main.c estimated size: 2498

